16:55:45 | INFO | wrote experiments\phase_c\runs\20260803T112545Z\config.json
16:55:45 | INFO | === Prepare matrices ===
16:55:45 | INFO | cache hit: 0ff29cfb9148324044e07c96.parquet
16:55:45 | INFO | HCRL DoS ready train=11846 test=23692
16:55:45 | INFO | cache hit: 12c7c7d05a1a2824693b13b9.parquet
16:55:45 | INFO | HCRL Fuzzy ready train=10346 test=20695
16:55:45 | INFO | cache hit: 9a589c7a047a5ddec5e1a27b.parquet
16:55:45 | INFO | HCRL RPM ready train=11852 test=23705
16:55:45 | INFO | cache hit: 30ec30dd6d22f1ca386bf17e.parquet
16:55:46 | INFO | HCRL gear ready train=11850 test=23702
16:55:47 | INFO | cache hit: 6d646163ca1a74d3420e7ade.parquet
16:55:47 | INFO | ROAD correlated_signal_attack_1 pre=18348 test=58619 atk=4201
16:55:48 | INFO | cache hit: e1e6ce6913c2d2f42a36390d.parquet
16:55:48 | INFO | ROAD fuzzing_attack_1 pre=8885 test=37083 atk=9969
16:55:49 | INFO | cache hit: f116eab7d23afcf321c8c0db.parquet
16:55:50 | INFO | ROAD max_engine_coolant_temp_attack pre=44985 test=13992 atk=102
16:55:53 | INFO | cache hit: 459c040c4587ae569f6aece7.parquet
16:55:53 | INFO | ROAD max_speedometer_attack_1 pre=4650 test=72319 atk=4916
16:55:54 | INFO | cache hit: 0bae04e7a18e57b71e6f03ee.parquet
16:55:55 | INFO | ROAD reverse_light_off_attack_1 pre=37066 test=27825 atk=1373
16:55:57 | INFO | cache hit: ef19bbe0f1d0d464b4fb74ce.parquet
16:55:57 | INFO | ROAD reverse_light_on_attack_1 pre=16032 test=60931 atk=4012
16:55:57 | INFO | === Multi-seed ===
16:55:57 | INFO | multiseed HCRL DoS raw isolation_forest seed=0
16:55:58 | INFO | multiseed HCRL DoS raw isolation_forest seed=1
16:55:59 | INFO | multiseed HCRL DoS raw isolation_forest seed=2
16:56:01 | INFO | multiseed HCRL DoS raw isolation_forest seed=3
16:56:02 | INFO | multiseed HCRL DoS raw isolation_forest seed=4
16:56:03 | INFO | multiseed HCRL DoS raw one_class_svm seed=0
16:56:04 | INFO | multiseed HCRL DoS raw one_class_svm seed=1
16:56:05 | INFO | multiseed HCRL DoS raw one_class_svm seed=2
16:56:06 | INFO | multiseed HCRL DoS raw one_class_svm seed=3
16:56:07 | INFO | multiseed HCRL DoS raw one_class_svm seed=4
16:56:08 | INFO | multiseed HCRL DoS raw lof seed=0
16:56:09 | INFO | multiseed HCRL DoS raw lof seed=1
16:56:09 | INFO | multiseed HCRL DoS raw lof seed=2
16:56:10 | INFO | multiseed HCRL DoS raw lof seed=3
16:56:11 | INFO | multiseed HCRL DoS raw lof seed=4
16:56:11 | INFO | multiseed HCRL DoS raw hbos seed=0
16:56:11 | INFO | multiseed HCRL DoS raw hbos seed=1
16:56:11 | INFO | multiseed HCRL DoS raw hbos seed=2
16:56:11 | INFO | multiseed HCRL DoS raw hbos seed=3
16:56:11 | INFO | multiseed HCRL DoS raw hbos seed=4
16:56:11 | INFO | multiseed HCRL DoS raw elliptic_envelope seed=0
16:56:12 | INFO | multiseed HCRL DoS raw elliptic_envelope seed=1
16:56:13 | INFO | multiseed HCRL DoS raw elliptic_envelope seed=2
16:56:14 | INFO | multiseed HCRL DoS raw elliptic_envelope seed=3
16:56:15 | INFO | multiseed HCRL DoS raw elliptic_envelope seed=4
16:56:15 | INFO | multiseed HCRL DoS raw autoencoder seed=0
16:56:17 | INFO | multiseed HCRL DoS raw autoencoder seed=1
16:56:20 | INFO | multiseed HCRL DoS raw autoencoder seed=2
16:56:22 | INFO | multiseed HCRL DoS raw autoencoder seed=3
16:56:23 | INFO | multiseed HCRL DoS raw autoencoder seed=4
16:56:25 | INFO | multiseed HCRL DoS residual isolation_forest seed=0
16:56:26 | INFO | multiseed HCRL DoS residual isolation_forest seed=1
16:56:27 | INFO | multiseed HCRL DoS residual isolation_forest seed=2
16:56:28 | INFO | multiseed HCRL DoS residual isolation_forest seed=3
16:56:29 | INFO | multiseed HCRL DoS residual isolation_forest seed=4
16:56:30 | INFO | multiseed HCRL DoS residual one_class_svm seed=0
16:56:31 | INFO | multiseed HCRL DoS residual one_class_svm seed=1
16:56:32 | INFO | multiseed HCRL DoS residual one_class_svm seed=2
16:56:33 | INFO | multiseed HCRL DoS residual one_class_svm seed=3
16:56:34 | INFO | multiseed HCRL DoS residual one_class_svm seed=4
16:56:35 | INFO | multiseed HCRL DoS residual lof seed=0
16:56:39 | INFO | multiseed HCRL DoS residual lof seed=1
16:56:42 | INFO | multiseed HCRL DoS residual lof seed=2
16:56:46 | INFO | multiseed HCRL DoS residual lof seed=3
16:56:49 | INFO | multiseed HCRL DoS residual lof seed=4
16:56:53 | INFO | multiseed HCRL DoS residual hbos seed=0
16:56:53 | INFO | multiseed HCRL DoS residual hbos seed=1
16:56:53 | INFO | multiseed HCRL DoS residual hbos seed=2
16:56:53 | INFO | multiseed HCRL DoS residual hbos seed=3
16:56:53 | INFO | multiseed HCRL DoS residual hbos seed=4
16:56:53 | INFO | multiseed HCRL DoS residual elliptic_envelope seed=0
16:56:54 | INFO | multiseed HCRL DoS residual elliptic_envelope seed=1
16:56:55 | INFO | multiseed HCRL DoS residual elliptic_envelope seed=2
16:56:56 | INFO | multiseed HCRL DoS residual elliptic_envelope seed=3
16:56:56 | INFO | multiseed HCRL DoS residual elliptic_envelope seed=4
16:56:57 | INFO | multiseed HCRL DoS residual autoencoder seed=0
16:56:59 | INFO | multiseed HCRL DoS residual autoencoder seed=1
16:57:01 | INFO | multiseed HCRL DoS residual autoencoder seed=2
16:57:03 | INFO | multiseed HCRL DoS residual autoencoder seed=3
16:57:05 | INFO | multiseed HCRL DoS residual autoencoder seed=4
16:57:08 | INFO | multiseed HCRL Fuzzy raw isolation_forest seed=0
16:57:08 | INFO | multiseed HCRL Fuzzy raw isolation_forest seed=1
16:57:09 | INFO | multiseed HCRL Fuzzy raw isolation_forest seed=2
16:57:10 | INFO | multiseed HCRL Fuzzy raw isolation_forest seed=3
16:57:11 | INFO | multiseed HCRL Fuzzy raw isolation_forest seed=4
16:57:12 | INFO | multiseed HCRL Fuzzy raw one_class_svm seed=0
16:57:13 | INFO | multiseed HCRL Fuzzy raw one_class_svm seed=1
16:57:14 | INFO | multiseed HCRL Fuzzy raw one_class_svm seed=2
16:57:15 | INFO | multiseed HCRL Fuzzy raw one_class_svm seed=3
16:57:15 | INFO | multiseed HCRL Fuzzy raw one_class_svm seed=4
16:57:16 | INFO | multiseed HCRL Fuzzy raw lof seed=0
16:57:17 | INFO | multiseed HCRL Fuzzy raw lof seed=1
16:57:17 | INFO | multiseed HCRL Fuzzy raw lof seed=2
16:57:18 | INFO | multiseed HCRL Fuzzy raw lof seed=3
16:57:18 | INFO | multiseed HCRL Fuzzy raw lof seed=4
16:57:19 | INFO | multiseed HCRL Fuzzy raw hbos seed=0
16:57:19 | INFO | multiseed HCRL Fuzzy raw hbos seed=1
16:57:19 | INFO | multiseed HCRL Fuzzy raw hbos seed=2
16:57:19 | INFO | multiseed HCRL Fuzzy raw hbos seed=3
16:57:19 | INFO | multiseed HCRL Fuzzy raw hbos seed=4
16:57:19 | INFO | multiseed HCRL Fuzzy raw elliptic_envelope seed=0
16:57:20 | INFO | multiseed HCRL Fuzzy raw elliptic_envelope seed=1
16:57:20 | INFO | multiseed HCRL Fuzzy raw elliptic_envelope seed=2
16:57:21 | INFO | multiseed HCRL Fuzzy raw elliptic_envelope seed=3
16:57:22 | INFO | multiseed HCRL Fuzzy raw elliptic_envelope seed=4
16:57:23 | INFO | multiseed HCRL Fuzzy raw autoencoder seed=0
16:57:25 | INFO | multiseed HCRL Fuzzy raw autoencoder seed=1
16:57:27 | INFO | multiseed HCRL Fuzzy raw autoencoder seed=2
16:57:30 | INFO | multiseed HCRL Fuzzy raw autoencoder seed=3
16:57:32 | INFO | multiseed HCRL Fuzzy raw autoencoder seed=4
16:57:34 | INFO | multiseed HCRL Fuzzy residual isolation_forest seed=0
16:57:35 | INFO | multiseed HCRL Fuzzy residual isolation_forest seed=1
16:57:36 | INFO | multiseed HCRL Fuzzy residual isolation_forest seed=2
16:57:37 | INFO | multiseed HCRL Fuzzy residual isolation_forest seed=3
16:57:38 | INFO | multiseed HCRL Fuzzy residual isolation_forest seed=4
16:57:39 | INFO | multiseed HCRL Fuzzy residual one_class_svm seed=0
16:57:40 | INFO | multiseed HCRL Fuzzy residual one_class_svm seed=1
16:57:41 | INFO | multiseed HCRL Fuzzy residual one_class_svm seed=2
16:57:42 | INFO | multiseed HCRL Fuzzy residual one_class_svm seed=3
16:57:43 | INFO | multiseed HCRL Fuzzy residual one_class_svm seed=4
16:57:44 | INFO | multiseed HCRL Fuzzy residual lof seed=0
16:57:46 | INFO | multiseed HCRL Fuzzy residual lof seed=1
16:57:48 | INFO | multiseed HCRL Fuzzy residual lof seed=2
16:57:50 | INFO | multiseed HCRL Fuzzy residual lof seed=3
16:57:53 | INFO | multiseed HCRL Fuzzy residual lof seed=4
16:57:55 | INFO | multiseed HCRL Fuzzy residual hbos seed=0
16:57:55 | INFO | multiseed HCRL Fuzzy residual hbos seed=1
16:57:55 | INFO | multiseed HCRL Fuzzy residual hbos seed=2
16:57:55 | INFO | multiseed HCRL Fuzzy residual hbos seed=3
16:57:55 | INFO | multiseed HCRL Fuzzy residual hbos seed=4
16:57:55 | INFO | multiseed HCRL Fuzzy residual elliptic_envelope seed=0
16:57:56 | INFO | multiseed HCRL Fuzzy residual elliptic_envelope seed=1
16:57:57 | INFO | multiseed HCRL Fuzzy residual elliptic_envelope seed=2
16:57:58 | INFO | multiseed HCRL Fuzzy residual elliptic_envelope seed=3
16:57:59 | INFO | multiseed HCRL Fuzzy residual elliptic_envelope seed=4
16:57:59 | INFO | multiseed HCRL Fuzzy residual autoencoder seed=0
16:58:01 | INFO | multiseed HCRL Fuzzy residual autoencoder seed=1
16:58:03 | INFO | multiseed HCRL Fuzzy residual autoencoder seed=2
16:58:06 | INFO | multiseed HCRL Fuzzy residual autoencoder seed=3
16:58:06 | INFO | multiseed HCRL Fuzzy residual autoencoder seed=4
16:58:08 | INFO | multiseed HCRL RPM raw isolation_forest seed=0
16:58:09 | INFO | multiseed HCRL RPM raw isolation_forest seed=1
16:58:10 | INFO | multiseed HCRL RPM raw isolation_forest seed=2
16:58:12 | INFO | multiseed HCRL RPM raw isolation_forest seed=3
16:58:13 | INFO | multiseed HCRL RPM raw isolation_forest seed=4
16:58:14 | INFO | multiseed HCRL RPM raw one_class_svm seed=0
16:58:15 | INFO | multiseed HCRL RPM raw one_class_svm seed=1
16:58:16 | INFO | multiseed HCRL RPM raw one_class_svm seed=2
16:58:17 | INFO | multiseed HCRL RPM raw one_class_svm seed=3
16:58:18 | INFO | multiseed HCRL RPM raw one_class_svm seed=4
16:58:19 | INFO | multiseed HCRL RPM raw lof seed=0
16:58:20 | INFO | multiseed HCRL RPM raw lof seed=1
16:58:20 | INFO | multiseed HCRL RPM raw lof seed=2
16:58:21 | INFO | multiseed HCRL RPM raw lof seed=3
16:58:21 | INFO | multiseed HCRL RPM raw lof seed=4
16:58:22 | INFO | multiseed HCRL RPM raw hbos seed=0
16:58:22 | INFO | multiseed HCRL RPM raw hbos seed=1
16:58:22 | INFO | multiseed HCRL RPM raw hbos seed=2
16:58:22 | INFO | multiseed HCRL RPM raw hbos seed=3
16:58:22 | INFO | multiseed HCRL RPM raw hbos seed=4
16:58:22 | INFO | multiseed HCRL RPM raw elliptic_envelope seed=0
16:58:23 | INFO | multiseed HCRL RPM raw elliptic_envelope seed=1
16:58:24 | INFO | multiseed HCRL RPM raw elliptic_envelope seed=2
16:58:25 | INFO | multiseed HCRL RPM raw elliptic_envelope seed=3
16:58:26 | INFO | multiseed HCRL RPM raw elliptic_envelope seed=4
16:58:26 | INFO | multiseed HCRL RPM raw autoencoder seed=0
16:58:28 | INFO | multiseed HCRL RPM raw autoencoder seed=1
16:58:30 | INFO | multiseed HCRL RPM raw autoencoder seed=2
16:58:32 | INFO | multiseed HCRL RPM raw autoencoder seed=3
16:58:34 | INFO | multiseed HCRL RPM raw autoencoder seed=4
16:58:36 | INFO | multiseed HCRL RPM residual isolation_forest seed=0
16:58:37 | INFO | multiseed HCRL RPM residual isolation_forest seed=1
16:58:39 | INFO | multiseed HCRL RPM residual isolation_forest seed=2
16:58:40 | INFO | multiseed HCRL RPM residual isolation_forest seed=3
16:58:41 | INFO | multiseed HCRL RPM residual isolation_forest seed=4
16:58:42 | INFO | multiseed HCRL RPM residual one_class_svm seed=0
16:58:43 | INFO | multiseed HCRL RPM residual one_class_svm seed=1
16:58:44 | INFO | multiseed HCRL RPM residual one_class_svm seed=2
16:58:45 | INFO | multiseed HCRL RPM residual one_class_svm seed=3
16:58:46 | INFO | multiseed HCRL RPM residual one_class_svm seed=4
16:58:48 | INFO | multiseed HCRL RPM residual lof seed=0
16:58:51 | INFO | multiseed HCRL RPM residual lof seed=1
16:58:55 | INFO | multiseed HCRL RPM residual lof seed=2
16:58:59 | INFO | multiseed HCRL RPM residual lof seed=3
16:59:02 | INFO | multiseed HCRL RPM residual lof seed=4
16:59:06 | INFO | multiseed HCRL RPM residual hbos seed=0
16:59:06 | INFO | multiseed HCRL RPM residual hbos seed=1
16:59:06 | INFO | multiseed HCRL RPM residual hbos seed=2
16:59:06 | INFO | multiseed HCRL RPM residual hbos seed=3
16:59:06 | INFO | multiseed HCRL RPM residual hbos seed=4
16:59:06 | INFO | multiseed HCRL RPM residual elliptic_envelope seed=0
16:59:07 | INFO | multiseed HCRL RPM residual elliptic_envelope seed=1
16:59:08 | INFO | multiseed HCRL RPM residual elliptic_envelope seed=2
16:59:08 | INFO | multiseed HCRL RPM residual elliptic_envelope seed=3
16:59:09 | INFO | multiseed HCRL RPM residual elliptic_envelope seed=4
16:59:10 | INFO | multiseed HCRL RPM residual autoencoder seed=0
16:59:12 | INFO | multiseed HCRL RPM residual autoencoder seed=1
16:59:14 | INFO | multiseed HCRL RPM residual autoencoder seed=2
16:59:15 | INFO | multiseed HCRL RPM residual autoencoder seed=3
16:59:18 | INFO | multiseed HCRL RPM residual autoencoder seed=4
16:59:20 | INFO | multiseed HCRL gear raw isolation_forest seed=0
16:59:21 | INFO | multiseed HCRL gear raw isolation_forest seed=1
16:59:22 | INFO | multiseed HCRL gear raw isolation_forest seed=2
16:59:23 | INFO | multiseed HCRL gear raw isolation_forest seed=3
16:59:25 | INFO | multiseed HCRL gear raw isolation_forest seed=4
16:59:26 | INFO | multiseed HCRL gear raw one_class_svm seed=0
16:59:27 | INFO | multiseed HCRL gear raw one_class_svm seed=1
16:59:28 | INFO | multiseed HCRL gear raw one_class_svm seed=2
16:59:29 | INFO | multiseed HCRL gear raw one_class_svm seed=3
16:59:30 | INFO | multiseed HCRL gear raw one_class_svm seed=4
16:59:31 | INFO | multiseed HCRL gear raw lof seed=0
16:59:32 | INFO | multiseed HCRL gear raw lof seed=1
16:59:33 | INFO | multiseed HCRL gear raw lof seed=2
16:59:33 | INFO | multiseed HCRL gear raw lof seed=3
16:59:34 | INFO | multiseed HCRL gear raw lof seed=4
16:59:35 | INFO | multiseed HCRL gear raw hbos seed=0
16:59:35 | INFO | multiseed HCRL gear raw hbos seed=1
16:59:35 | INFO | multiseed HCRL gear raw hbos seed=2
16:59:35 | INFO | multiseed HCRL gear raw hbos seed=3
16:59:35 | INFO | multiseed HCRL gear raw hbos seed=4
16:59:35 | INFO | multiseed HCRL gear raw elliptic_envelope seed=0
16:59:36 | INFO | multiseed HCRL gear raw elliptic_envelope seed=1
16:59:36 | INFO | multiseed HCRL gear raw elliptic_envelope seed=2
16:59:37 | INFO | multiseed HCRL gear raw elliptic_envelope seed=3
16:59:38 | INFO | multiseed HCRL gear raw elliptic_envelope seed=4
16:59:39 | INFO | multiseed HCRL gear raw autoencoder seed=0
16:59:41 | INFO | multiseed HCRL gear raw autoencoder seed=1
16:59:43 | INFO | multiseed HCRL gear raw autoencoder seed=2
16:59:45 | INFO | multiseed HCRL gear raw autoencoder seed=3
16:59:48 | INFO | multiseed HCRL gear raw autoencoder seed=4
16:59:49 | INFO | multiseed HCRL gear residual isolation_forest seed=0
16:59:51 | INFO | multiseed HCRL gear residual isolation_forest seed=1
16:59:52 | INFO | multiseed HCRL gear residual isolation_forest seed=2
16:59:53 | INFO | multiseed HCRL gear residual isolation_forest seed=3
16:59:54 | INFO | multiseed HCRL gear residual isolation_forest seed=4
16:59:55 | INFO | multiseed HCRL gear residual one_class_svm seed=0
16:59:56 | INFO | multiseed HCRL gear residual one_class_svm seed=1
16:59:57 | INFO | multiseed HCRL gear residual one_class_svm seed=2
16:59:58 | INFO | multiseed HCRL gear residual one_class_svm seed=3
17:00:00 | INFO | multiseed HCRL gear residual one_class_svm seed=4
17:00:01 | INFO | multiseed HCRL gear residual lof seed=0
17:00:05 | INFO | multiseed HCRL gear residual lof seed=1
17:00:09 | INFO | multiseed HCRL gear residual lof seed=2
17:00:12 | INFO | multiseed HCRL gear residual lof seed=3
17:00:16 | INFO | multiseed HCRL gear residual lof seed=4
17:00:20 | INFO | multiseed HCRL gear residual hbos seed=0
17:00:20 | INFO | multiseed HCRL gear residual hbos seed=1
17:00:20 | INFO | multiseed HCRL gear residual hbos seed=2
17:00:20 | INFO | multiseed HCRL gear residual hbos seed=3
17:00:20 | INFO | multiseed HCRL gear residual hbos seed=4
17:00:21 | INFO | multiseed HCRL gear residual elliptic_envelope seed=0
17:00:21 | INFO | multiseed HCRL gear residual elliptic_envelope seed=1
17:00:22 | INFO | multiseed HCRL gear residual elliptic_envelope seed=2
17:00:22 | INFO | multiseed HCRL gear residual elliptic_envelope seed=3
17:00:22 | INFO | multiseed HCRL gear residual elliptic_envelope seed=4
17:00:23 | INFO | multiseed HCRL gear residual autoencoder seed=0
17:00:23 | INFO | multiseed HCRL gear residual autoencoder seed=1
17:00:24 | INFO | multiseed HCRL gear residual autoencoder seed=2
17:00:24 | INFO | multiseed HCRL gear residual autoencoder seed=3
17:00:25 | INFO | multiseed HCRL gear residual autoencoder seed=4
17:00:26 | INFO | multiseed ROAD correlated_signal_attack_1 raw isolation_forest seed=0
17:00:26 | INFO | multiseed ROAD correlated_signal_attack_1 raw isolation_forest seed=1
17:00:27 | INFO | multiseed ROAD correlated_signal_attack_1 raw isolation_forest seed=2
17:00:29 | INFO | multiseed ROAD correlated_signal_attack_1 raw isolation_forest seed=3
17:00:30 | INFO | multiseed ROAD correlated_signal_attack_1 raw isolation_forest seed=4
17:00:32 | INFO | multiseed ROAD correlated_signal_attack_1 raw one_class_svm seed=0
17:00:34 | INFO | multiseed ROAD correlated_signal_attack_1 raw one_class_svm seed=1
17:00:36 | INFO | multiseed ROAD correlated_signal_attack_1 raw one_class_svm seed=2
17:00:38 | INFO | multiseed ROAD correlated_signal_attack_1 raw one_class_svm seed=3
17:00:40 | INFO | multiseed ROAD correlated_signal_attack_1 raw one_class_svm seed=4
17:00:42 | INFO | multiseed ROAD correlated_signal_attack_1 raw lof seed=0
17:00:43 | INFO | multiseed ROAD correlated_signal_attack_1 raw lof seed=1
17:00:44 | INFO | multiseed ROAD correlated_signal_attack_1 raw lof seed=2
17:00:45 | INFO | multiseed ROAD correlated_signal_attack_1 raw lof seed=3
17:00:46 | INFO | multiseed ROAD correlated_signal_attack_1 raw lof seed=4
17:00:47 | INFO | multiseed ROAD correlated_signal_attack_1 raw hbos seed=0
17:00:47 | INFO | multiseed ROAD correlated_signal_attack_1 raw hbos seed=1
17:00:47 | INFO | multiseed ROAD correlated_signal_attack_1 raw hbos seed=2
17:00:47 | INFO | multiseed ROAD correlated_signal_attack_1 raw hbos seed=3
17:00:48 | INFO | multiseed ROAD correlated_signal_attack_1 raw hbos seed=4
17:00:48 | INFO | multiseed ROAD correlated_signal_attack_1 raw elliptic_envelope seed=0
17:00:48 | INFO | multiseed ROAD correlated_signal_attack_1 raw elliptic_envelope seed=1
17:00:49 | INFO | multiseed ROAD correlated_signal_attack_1 raw elliptic_envelope seed=2
17:00:50 | INFO | multiseed ROAD correlated_signal_attack_1 raw elliptic_envelope seed=3
17:00:51 | INFO | multiseed ROAD correlated_signal_attack_1 raw elliptic_envelope seed=4
17:00:51 | INFO | multiseed ROAD correlated_signal_attack_1 raw autoencoder seed=0
17:00:53 | INFO | multiseed ROAD correlated_signal_attack_1 raw autoencoder seed=1
17:00:55 | INFO | multiseed ROAD correlated_signal_attack_1 raw autoencoder seed=2
17:00:57 | INFO | multiseed ROAD correlated_signal_attack_1 raw autoencoder seed=3
17:00:59 | INFO | multiseed ROAD correlated_signal_attack_1 raw autoencoder seed=4
17:01:01 | INFO | multiseed ROAD correlated_signal_attack_1 residual isolation_forest seed=0
17:01:02 | INFO | multiseed ROAD correlated_signal_attack_1 residual isolation_forest seed=1
17:01:04 | INFO | multiseed ROAD correlated_signal_attack_1 residual isolation_forest seed=2
17:01:06 | INFO | multiseed ROAD correlated_signal_attack_1 residual isolation_forest seed=3
17:01:08 | INFO | multiseed ROAD correlated_signal_attack_1 residual isolation_forest seed=4
17:01:10 | INFO | multiseed ROAD correlated_signal_attack_1 residual one_class_svm seed=0
17:01:12 | INFO | multiseed ROAD correlated_signal_attack_1 residual one_class_svm seed=1
17:01:15 | INFO | multiseed ROAD correlated_signal_attack_1 residual one_class_svm seed=2
17:01:18 | INFO | multiseed ROAD correlated_signal_attack_1 residual one_class_svm seed=3
17:01:20 | INFO | multiseed ROAD correlated_signal_attack_1 residual one_class_svm seed=4
17:01:23 | INFO | multiseed ROAD correlated_signal_attack_1 residual lof seed=0
17:01:34 | INFO | multiseed ROAD correlated_signal_attack_1 residual lof seed=1
17:01:45 | INFO | multiseed ROAD correlated_signal_attack_1 residual lof seed=2
17:01:57 | INFO | multiseed ROAD correlated_signal_attack_1 residual lof seed=3
17:02:09 | INFO | multiseed ROAD correlated_signal_attack_1 residual lof seed=4
17:02:21 | INFO | multiseed ROAD correlated_signal_attack_1 residual hbos seed=0
17:02:21 | INFO | multiseed ROAD correlated_signal_attack_1 residual hbos seed=1
17:02:22 | INFO | multiseed ROAD correlated_signal_attack_1 residual hbos seed=2
17:02:22 | INFO | multiseed ROAD correlated_signal_attack_1 residual hbos seed=3
17:02:22 | INFO | multiseed ROAD correlated_signal_attack_1 residual hbos seed=4
17:02:22 | INFO | multiseed ROAD correlated_signal_attack_1 residual elliptic_envelope seed=0
17:02:23 | INFO | multiseed ROAD correlated_signal_attack_1 residual elliptic_envelope seed=1
17:02:24 | INFO | multiseed ROAD correlated_signal_attack_1 residual elliptic_envelope seed=2
17:02:25 | INFO | multiseed ROAD correlated_signal_attack_1 residual elliptic_envelope seed=3
17:02:25 | INFO | multiseed ROAD correlated_signal_attack_1 residual elliptic_envelope seed=4
17:02:26 | INFO | multiseed ROAD correlated_signal_attack_1 residual autoencoder seed=0
17:02:28 | INFO | multiseed ROAD correlated_signal_attack_1 residual autoencoder seed=1
17:02:30 | INFO | multiseed ROAD correlated_signal_attack_1 residual autoencoder seed=2
17:02:32 | INFO | multiseed ROAD correlated_signal_attack_1 residual autoencoder seed=3
17:02:34 | INFO | multiseed ROAD correlated_signal_attack_1 residual autoencoder seed=4
17:02:36 | INFO | multiseed ROAD fuzzing_attack_1 raw isolation_forest seed=0
17:02:37 | INFO | multiseed ROAD fuzzing_attack_1 raw isolation_forest seed=1
17:02:38 | INFO | multiseed ROAD fuzzing_attack_1 raw isolation_forest seed=2
17:02:40 | INFO | multiseed ROAD fuzzing_attack_1 raw isolation_forest seed=3
17:02:41 | INFO | multiseed ROAD fuzzing_attack_1 raw isolation_forest seed=4
17:02:42 | INFO | multiseed ROAD fuzzing_attack_1 raw one_class_svm seed=0
17:02:43 | INFO | multiseed ROAD fuzzing_attack_1 raw one_class_svm seed=1
17:02:45 | INFO | multiseed ROAD fuzzing_attack_1 raw one_class_svm seed=2
17:02:46 | INFO | multiseed ROAD fuzzing_attack_1 raw one_class_svm seed=3
17:02:47 | INFO | multiseed ROAD fuzzing_attack_1 raw one_class_svm seed=4
17:02:48 | INFO | multiseed ROAD fuzzing_attack_1 raw lof seed=0
17:02:49 | INFO | multiseed ROAD fuzzing_attack_1 raw lof seed=1
17:02:50 | INFO | multiseed ROAD fuzzing_attack_1 raw lof seed=2
17:02:51 | INFO | multiseed ROAD fuzzing_attack_1 raw lof seed=3
17:02:52 | INFO | multiseed ROAD fuzzing_attack_1 raw lof seed=4
17:02:53 | INFO | multiseed ROAD fuzzing_attack_1 raw hbos seed=0
17:02:53 | INFO | multiseed ROAD fuzzing_attack_1 raw hbos seed=1
17:02:53 | INFO | multiseed ROAD fuzzing_attack_1 raw hbos seed=2
17:02:53 | INFO | multiseed ROAD fuzzing_attack_1 raw hbos seed=3
17:02:53 | INFO | multiseed ROAD fuzzing_attack_1 raw hbos seed=4
17:02:53 | INFO | multiseed ROAD fuzzing_attack_1 raw elliptic_envelope seed=0
17:02:54 | INFO | multiseed ROAD fuzzing_attack_1 raw elliptic_envelope seed=1
17:02:54 | INFO | multiseed ROAD fuzzing_attack_1 raw elliptic_envelope seed=2
17:02:55 | INFO | multiseed ROAD fuzzing_attack_1 raw elliptic_envelope seed=3
17:02:56 | INFO | multiseed ROAD fuzzing_attack_1 raw elliptic_envelope seed=4
17:02:57 | INFO | multiseed ROAD fuzzing_attack_1 raw autoencoder seed=0
17:02:59 | INFO | multiseed ROAD fuzzing_attack_1 raw autoencoder seed=1
17:03:01 | INFO | multiseed ROAD fuzzing_attack_1 raw autoencoder seed=2
17:03:03 | INFO | multiseed ROAD fuzzing_attack_1 raw autoencoder seed=3
17:03:05 | INFO | multiseed ROAD fuzzing_attack_1 raw autoencoder seed=4
17:03:07 | INFO | multiseed ROAD fuzzing_attack_1 residual isolation_forest seed=0
17:03:08 | INFO | multiseed ROAD fuzzing_attack_1 residual isolation_forest seed=1
17:03:10 | INFO | multiseed ROAD fuzzing_attack_1 residual isolation_forest seed=2
17:03:11 | INFO | multiseed ROAD fuzzing_attack_1 residual isolation_forest seed=3
17:03:12 | INFO | multiseed ROAD fuzzing_attack_1 residual isolation_forest seed=4
17:03:13 | INFO | multiseed ROAD fuzzing_attack_1 residual one_class_svm seed=0
17:03:15 | INFO | multiseed ROAD fuzzing_attack_1 residual one_class_svm seed=1
17:03:16 | INFO | multiseed ROAD fuzzing_attack_1 residual one_class_svm seed=2
17:03:18 | INFO | multiseed ROAD fuzzing_attack_1 residual one_class_svm seed=3
17:03:19 | INFO | multiseed ROAD fuzzing_attack_1 residual one_class_svm seed=4
17:03:21 | INFO | multiseed ROAD fuzzing_attack_1 residual lof seed=0
17:03:27 | INFO | multiseed ROAD fuzzing_attack_1 residual lof seed=1
17:03:33 | INFO | multiseed ROAD fuzzing_attack_1 residual lof seed=2
17:03:40 | INFO | multiseed ROAD fuzzing_attack_1 residual lof seed=3
17:03:46 | INFO | multiseed ROAD fuzzing_attack_1 residual lof seed=4
17:03:51 | INFO | multiseed ROAD fuzzing_attack_1 residual hbos seed=0
17:03:52 | INFO | multiseed ROAD fuzzing_attack_1 residual hbos seed=1
17:03:52 | INFO | multiseed ROAD fuzzing_attack_1 residual hbos seed=2
17:03:52 | INFO | multiseed ROAD fuzzing_attack_1 residual hbos seed=3
17:03:52 | INFO | multiseed ROAD fuzzing_attack_1 residual hbos seed=4
17:03:52 | INFO | multiseed ROAD fuzzing_attack_1 residual elliptic_envelope seed=0
17:03:53 | INFO | multiseed ROAD fuzzing_attack_1 residual elliptic_envelope seed=1
17:03:53 | INFO | multiseed ROAD fuzzing_attack_1 residual elliptic_envelope seed=2
17:03:54 | INFO | multiseed ROAD fuzzing_attack_1 residual elliptic_envelope seed=3
17:03:54 | INFO | multiseed ROAD fuzzing_attack_1 residual elliptic_envelope seed=4
17:03:55 | INFO | multiseed ROAD fuzzing_attack_1 residual autoencoder seed=0
17:03:57 | INFO | multiseed ROAD fuzzing_attack_1 residual autoencoder seed=1
17:03:59 | INFO | multiseed ROAD fuzzing_attack_1 residual autoencoder seed=2
17:04:00 | INFO | multiseed ROAD fuzzing_attack_1 residual autoencoder seed=3
17:04:03 | INFO | multiseed ROAD fuzzing_attack_1 residual autoencoder seed=4
17:04:04 | INFO | multiseed ROAD max_engine_coolant_temp_attack raw isolation_forest seed=0
17:04:06 | INFO | multiseed ROAD max_engine_coolant_temp_attack raw isolation_forest seed=1
17:04:07 | INFO | multiseed ROAD max_engine_coolant_temp_attack raw isolation_forest seed=2
17:04:08 | INFO | multiseed ROAD max_engine_coolant_temp_attack raw isolation_forest seed=3
17:04:10 | INFO | multiseed ROAD max_engine_coolant_temp_attack raw isolation_forest seed=4
17:04:11 | INFO | multiseed ROAD max_engine_coolant_temp_attack raw one_class_svm seed=0
17:04:12 | INFO | multiseed ROAD max_engine_coolant_temp_attack raw one_class_svm seed=1
17:04:13 | INFO | multiseed ROAD max_engine_coolant_temp_attack raw one_class_svm seed=2
17:04:14 | INFO | multiseed ROAD max_engine_coolant_temp_attack raw one_class_svm seed=3
17:04:14 | INFO | multiseed ROAD max_engine_coolant_temp_attack raw one_class_svm seed=4
17:04:15 | INFO | multiseed ROAD max_engine_coolant_temp_attack raw lof seed=0
17:04:16 | INFO | multiseed ROAD max_engine_coolant_temp_attack raw lof seed=1
17:04:16 | INFO | multiseed ROAD max_engine_coolant_temp_attack raw lof seed=2
17:04:17 | INFO | multiseed ROAD max_engine_coolant_temp_attack raw lof seed=3
17:04:17 | INFO | multiseed ROAD max_engine_coolant_temp_attack raw lof seed=4
17:04:18 | INFO | multiseed ROAD max_engine_coolant_temp_attack raw hbos seed=0
17:04:18 | INFO | multiseed ROAD max_engine_coolant_temp_attack raw hbos seed=1
17:04:18 | INFO | multiseed ROAD max_engine_coolant_temp_attack raw hbos seed=2
17:04:18 | INFO | multiseed ROAD max_engine_coolant_temp_attack raw hbos seed=3
17:04:18 | INFO | multiseed ROAD max_engine_coolant_temp_attack raw hbos seed=4
17:04:18 | INFO | multiseed ROAD max_engine_coolant_temp_attack raw elliptic_envelope seed=0
17:04:19 | INFO | multiseed ROAD max_engine_coolant_temp_attack raw elliptic_envelope seed=1
17:04:19 | INFO | multiseed ROAD max_engine_coolant_temp_attack raw elliptic_envelope seed=2
17:04:20 | INFO | multiseed ROAD max_engine_coolant_temp_attack raw elliptic_envelope seed=3
17:04:21 | INFO | multiseed ROAD max_engine_coolant_temp_attack raw elliptic_envelope seed=4
17:04:21 | INFO | multiseed ROAD max_engine_coolant_temp_attack raw autoencoder seed=0
17:04:23 | INFO | multiseed ROAD max_engine_coolant_temp_attack raw autoencoder seed=1
17:04:24 | INFO | multiseed ROAD max_engine_coolant_temp_attack raw autoencoder seed=2
17:04:26 | INFO | multiseed ROAD max_engine_coolant_temp_attack raw autoencoder seed=3
17:04:28 | INFO | multiseed ROAD max_engine_coolant_temp_attack raw autoencoder seed=4
17:04:30 | INFO | multiseed ROAD max_engine_coolant_temp_attack residual isolation_forest seed=0
17:04:32 | INFO | multiseed ROAD max_engine_coolant_temp_attack residual isolation_forest seed=1
17:04:33 | INFO | multiseed ROAD max_engine_coolant_temp_attack residual isolation_forest seed=2
17:04:35 | INFO | multiseed ROAD max_engine_coolant_temp_attack residual isolation_forest seed=3
17:04:36 | INFO | multiseed ROAD max_engine_coolant_temp_attack residual isolation_forest seed=4
17:04:38 | INFO | multiseed ROAD max_engine_coolant_temp_attack residual one_class_svm seed=0
17:04:39 | INFO | multiseed ROAD max_engine_coolant_temp_attack residual one_class_svm seed=1
17:04:40 | INFO | multiseed ROAD max_engine_coolant_temp_attack residual one_class_svm seed=2
17:04:41 | INFO | multiseed ROAD max_engine_coolant_temp_attack residual one_class_svm seed=3
17:04:42 | INFO | multiseed ROAD max_engine_coolant_temp_attack residual one_class_svm seed=4
17:04:43 | INFO | multiseed ROAD max_engine_coolant_temp_attack residual lof seed=0
17:04:48 | INFO | multiseed ROAD max_engine_coolant_temp_attack residual lof seed=1
17:04:52 | INFO | multiseed ROAD max_engine_coolant_temp_attack residual lof seed=2
17:04:57 | INFO | multiseed ROAD max_engine_coolant_temp_attack residual lof seed=3
17:05:02 | INFO | multiseed ROAD max_engine_coolant_temp_attack residual lof seed=4
17:05:06 | INFO | multiseed ROAD max_engine_coolant_temp_attack residual hbos seed=0
17:05:06 | INFO | multiseed ROAD max_engine_coolant_temp_attack residual hbos seed=1
17:05:06 | INFO | multiseed ROAD max_engine_coolant_temp_attack residual hbos seed=2
17:05:06 | INFO | multiseed ROAD max_engine_coolant_temp_attack residual hbos seed=3
17:05:06 | INFO | multiseed ROAD max_engine_coolant_temp_attack residual hbos seed=4
17:05:07 | INFO | multiseed ROAD max_engine_coolant_temp_attack residual elliptic_envelope seed=0
17:05:07 | INFO | multiseed ROAD max_engine_coolant_temp_attack residual elliptic_envelope seed=1
17:05:08 | INFO | multiseed ROAD max_engine_coolant_temp_attack residual elliptic_envelope seed=2
17:05:09 | INFO | multiseed ROAD max_engine_coolant_temp_attack residual elliptic_envelope seed=3
17:05:09 | INFO | multiseed ROAD max_engine_coolant_temp_attack residual elliptic_envelope seed=4
17:05:10 | INFO | multiseed ROAD max_engine_coolant_temp_attack residual autoencoder seed=0
17:05:12 | INFO | multiseed ROAD max_engine_coolant_temp_attack residual autoencoder seed=1
17:05:14 | INFO | multiseed ROAD max_engine_coolant_temp_attack residual autoencoder seed=2
17:05:16 | INFO | multiseed ROAD max_engine_coolant_temp_attack residual autoencoder seed=3
17:05:18 | INFO | multiseed ROAD max_engine_coolant_temp_attack residual autoencoder seed=4
17:05:20 | INFO | multiseed ROAD max_speedometer_attack_1 raw isolation_forest seed=0
17:05:21 | INFO | multiseed ROAD max_speedometer_attack_1 raw isolation_forest seed=1
17:05:23 | INFO | multiseed ROAD max_speedometer_attack_1 raw isolation_forest seed=2
17:05:25 | INFO | multiseed ROAD max_speedometer_attack_1 raw isolation_forest seed=3
17:05:27 | INFO | multiseed ROAD max_speedometer_attack_1 raw isolation_forest seed=4
17:05:29 | INFO | multiseed ROAD max_speedometer_attack_1 raw one_class_svm seed=0
17:05:31 | INFO | multiseed ROAD max_speedometer_attack_1 raw one_class_svm seed=1
17:05:34 | INFO | multiseed ROAD max_speedometer_attack_1 raw one_class_svm seed=2
17:05:37 | INFO | multiseed ROAD max_speedometer_attack_1 raw one_class_svm seed=3
17:05:39 | INFO | multiseed ROAD max_speedometer_attack_1 raw one_class_svm seed=4
17:05:42 | INFO | multiseed ROAD max_speedometer_attack_1 raw lof seed=0
17:05:43 | INFO | multiseed ROAD max_speedometer_attack_1 raw lof seed=1
17:05:44 | INFO | multiseed ROAD max_speedometer_attack_1 raw lof seed=2
17:05:45 | INFO | multiseed ROAD max_speedometer_attack_1 raw lof seed=3
17:05:47 | INFO | multiseed ROAD max_speedometer_attack_1 raw lof seed=4
17:05:48 | INFO | multiseed ROAD max_speedometer_attack_1 raw hbos seed=0
17:05:48 | INFO | multiseed ROAD max_speedometer_attack_1 raw hbos seed=1
17:05:48 | INFO | multiseed ROAD max_speedometer_attack_1 raw hbos seed=2
17:05:48 | INFO | multiseed ROAD max_speedometer_attack_1 raw hbos seed=3
17:05:48 | INFO | multiseed ROAD max_speedometer_attack_1 raw hbos seed=4
17:05:49 | INFO | multiseed ROAD max_speedometer_attack_1 raw elliptic_envelope seed=0
17:05:49 | INFO | multiseed ROAD max_speedometer_attack_1 raw elliptic_envelope seed=1
17:05:50 | INFO | multiseed ROAD max_speedometer_attack_1 raw elliptic_envelope seed=2
17:05:50 | INFO | multiseed ROAD max_speedometer_attack_1 raw elliptic_envelope seed=3
17:05:51 | INFO | multiseed ROAD max_speedometer_attack_1 raw elliptic_envelope seed=4
17:05:52 | INFO | multiseed ROAD max_speedometer_attack_1 raw autoencoder seed=0
17:05:53 | INFO | multiseed ROAD max_speedometer_attack_1 raw autoencoder seed=1
17:05:55 | INFO | multiseed ROAD max_speedometer_attack_1 raw autoencoder seed=2
17:05:56 | INFO | multiseed ROAD max_speedometer_attack_1 raw autoencoder seed=3
17:05:58 | INFO | multiseed ROAD max_speedometer_attack_1 raw autoencoder seed=4
17:05:59 | INFO | multiseed ROAD max_speedometer_attack_1 residual isolation_forest seed=0
17:06:01 | INFO | multiseed ROAD max_speedometer_attack_1 residual isolation_forest seed=1
17:06:03 | INFO | multiseed ROAD max_speedometer_attack_1 residual isolation_forest seed=2
17:06:04 | INFO | multiseed ROAD max_speedometer_attack_1 residual isolation_forest seed=3
17:06:06 | INFO | multiseed ROAD max_speedometer_attack_1 residual isolation_forest seed=4
17:06:08 | INFO | multiseed ROAD max_speedometer_attack_1 residual one_class_svm seed=0
17:06:10 | INFO | multiseed ROAD max_speedometer_attack_1 residual one_class_svm seed=1
17:06:13 | INFO | multiseed ROAD max_speedometer_attack_1 residual one_class_svm seed=2
17:06:16 | INFO | multiseed ROAD max_speedometer_attack_1 residual one_class_svm seed=3
17:06:18 | INFO | multiseed ROAD max_speedometer_attack_1 residual one_class_svm seed=4
17:06:21 | INFO | multiseed ROAD max_speedometer_attack_1 residual lof seed=0
17:06:29 | INFO | multiseed ROAD max_speedometer_attack_1 residual lof seed=1
17:06:37 | INFO | multiseed ROAD max_speedometer_attack_1 residual lof seed=2
17:06:45 | INFO | multiseed ROAD max_speedometer_attack_1 residual lof seed=3
17:06:53 | INFO | multiseed ROAD max_speedometer_attack_1 residual lof seed=4
17:07:01 | INFO | multiseed ROAD max_speedometer_attack_1 residual hbos seed=0
17:07:01 | INFO | multiseed ROAD max_speedometer_attack_1 residual hbos seed=1
17:07:01 | INFO | multiseed ROAD max_speedometer_attack_1 residual hbos seed=2
17:07:01 | INFO | multiseed ROAD max_speedometer_attack_1 residual hbos seed=3
17:07:02 | INFO | multiseed ROAD max_speedometer_attack_1 residual hbos seed=4
17:07:02 | INFO | multiseed ROAD max_speedometer_attack_1 residual elliptic_envelope seed=0
17:07:03 | INFO | multiseed ROAD max_speedometer_attack_1 residual elliptic_envelope seed=1
17:07:03 | INFO | multiseed ROAD max_speedometer_attack_1 residual elliptic_envelope seed=2
17:07:04 | INFO | multiseed ROAD max_speedometer_attack_1 residual elliptic_envelope seed=3
17:07:05 | INFO | multiseed ROAD max_speedometer_attack_1 residual elliptic_envelope seed=4
17:07:05 | INFO | multiseed ROAD max_speedometer_attack_1 residual autoencoder seed=0
17:07:07 | INFO | multiseed ROAD max_speedometer_attack_1 residual autoencoder seed=1
17:07:09 | INFO | multiseed ROAD max_speedometer_attack_1 residual autoencoder seed=2
17:07:10 | INFO | multiseed ROAD max_speedometer_attack_1 residual autoencoder seed=3
17:07:11 | INFO | multiseed ROAD max_speedometer_attack_1 residual autoencoder seed=4
17:07:13 | INFO | multiseed ROAD reverse_light_off_attack_1 raw isolation_forest seed=0
17:07:14 | INFO | multiseed ROAD reverse_light_off_attack_1 raw isolation_forest seed=1
17:07:16 | INFO | multiseed ROAD reverse_light_off_attack_1 raw isolation_forest seed=2
17:07:17 | INFO | multiseed ROAD reverse_light_off_attack_1 raw isolation_forest seed=3
17:07:19 | INFO | multiseed ROAD reverse_light_off_attack_1 raw isolation_forest seed=4
17:07:20 | INFO | multiseed ROAD reverse_light_off_attack_1 raw one_class_svm seed=0
17:07:21 | INFO | multiseed ROAD reverse_light_off_attack_1 raw one_class_svm seed=1
17:07:23 | INFO | multiseed ROAD reverse_light_off_attack_1 raw one_class_svm seed=2
17:07:24 | INFO | multiseed ROAD reverse_light_off_attack_1 raw one_class_svm seed=3
17:07:25 | INFO | multiseed ROAD reverse_light_off_attack_1 raw one_class_svm seed=4
17:07:26 | INFO | multiseed ROAD reverse_light_off_attack_1 raw lof seed=0
17:07:27 | INFO | multiseed ROAD reverse_light_off_attack_1 raw lof seed=1
17:07:28 | INFO | multiseed ROAD reverse_light_off_attack_1 raw lof seed=2
17:07:28 | INFO | multiseed ROAD reverse_light_off_attack_1 raw lof seed=3
17:07:29 | INFO | multiseed ROAD reverse_light_off_attack_1 raw lof seed=4
17:07:29 | INFO | multiseed ROAD reverse_light_off_attack_1 raw hbos seed=0
17:07:30 | INFO | multiseed ROAD reverse_light_off_attack_1 raw hbos seed=1
17:07:30 | INFO | multiseed ROAD reverse_light_off_attack_1 raw hbos seed=2
17:07:30 | INFO | multiseed ROAD reverse_light_off_attack_1 raw hbos seed=3
17:07:30 | INFO | multiseed ROAD reverse_light_off_attack_1 raw hbos seed=4
17:07:30 | INFO | multiseed ROAD reverse_light_off_attack_1 raw elliptic_envelope seed=0
17:07:31 | INFO | multiseed ROAD reverse_light_off_attack_1 raw elliptic_envelope seed=1
17:07:31 | INFO | multiseed ROAD reverse_light_off_attack_1 raw elliptic_envelope seed=2
17:07:32 | INFO | multiseed ROAD reverse_light_off_attack_1 raw elliptic_envelope seed=3
17:07:33 | INFO | multiseed ROAD reverse_light_off_attack_1 raw elliptic_envelope seed=4
17:07:33 | INFO | multiseed ROAD reverse_light_off_attack_1 raw autoencoder seed=0
17:07:35 | INFO | multiseed ROAD reverse_light_off_attack_1 raw autoencoder seed=1
17:07:37 | INFO | multiseed ROAD reverse_light_off_attack_1 raw autoencoder seed=2
17:07:39 | INFO | multiseed ROAD reverse_light_off_attack_1 raw autoencoder seed=3
17:07:41 | INFO | multiseed ROAD reverse_light_off_attack_1 raw autoencoder seed=4
17:07:43 | INFO | multiseed ROAD reverse_light_off_attack_1 residual isolation_forest seed=0
17:07:44 | INFO | multiseed ROAD reverse_light_off_attack_1 residual isolation_forest seed=1
17:07:45 | INFO | multiseed ROAD reverse_light_off_attack_1 residual isolation_forest seed=2
17:07:46 | INFO | multiseed ROAD reverse_light_off_attack_1 residual isolation_forest seed=3
17:07:46 | INFO | multiseed ROAD reverse_light_off_attack_1 residual isolation_forest seed=4
17:07:47 | INFO | multiseed ROAD reverse_light_off_attack_1 residual one_class_svm seed=0
17:07:48 | INFO | multiseed ROAD reverse_light_off_attack_1 residual one_class_svm seed=1
17:07:50 | INFO | multiseed ROAD reverse_light_off_attack_1 residual one_class_svm seed=2
17:07:51 | INFO | multiseed ROAD reverse_light_off_attack_1 residual one_class_svm seed=3
17:07:53 | INFO | multiseed ROAD reverse_light_off_attack_1 residual one_class_svm seed=4
17:07:54 | INFO | multiseed ROAD reverse_light_off_attack_1 residual lof seed=0
17:08:01 | INFO | multiseed ROAD reverse_light_off_attack_1 residual lof seed=1
17:08:08 | INFO | multiseed ROAD reverse_light_off_attack_1 residual lof seed=2
17:08:15 | INFO | multiseed ROAD reverse_light_off_attack_1 residual lof seed=3
17:08:18 | INFO | multiseed ROAD reverse_light_off_attack_1 residual lof seed=4
17:08:20 | INFO | multiseed ROAD reverse_light_off_attack_1 residual hbos seed=0
17:08:20 | INFO | multiseed ROAD reverse_light_off_attack_1 residual hbos seed=1
17:08:20 | INFO | multiseed ROAD reverse_light_off_attack_1 residual hbos seed=2
17:08:20 | INFO | multiseed ROAD reverse_light_off_attack_1 residual hbos seed=3
17:08:21 | INFO | multiseed ROAD reverse_light_off_attack_1 residual hbos seed=4
17:08:21 | INFO | multiseed ROAD reverse_light_off_attack_1 residual elliptic_envelope seed=0
17:08:21 | INFO | multiseed ROAD reverse_light_off_attack_1 residual elliptic_envelope seed=1
17:08:21 | INFO | multiseed ROAD reverse_light_off_attack_1 residual elliptic_envelope seed=2
17:08:21 | INFO | multiseed ROAD reverse_light_off_attack_1 residual elliptic_envelope seed=3
17:08:21 | INFO | multiseed ROAD reverse_light_off_attack_1 residual elliptic_envelope seed=4
17:08:22 | INFO | multiseed ROAD reverse_light_off_attack_1 residual autoencoder seed=0
17:08:22 | INFO | multiseed ROAD reverse_light_off_attack_1 residual autoencoder seed=1
17:08:23 | INFO | multiseed ROAD reverse_light_off_attack_1 residual autoencoder seed=2
17:08:23 | INFO | multiseed ROAD reverse_light_off_attack_1 residual autoencoder seed=3
17:08:24 | INFO | multiseed ROAD reverse_light_off_attack_1 residual autoencoder seed=4
17:08:24 | INFO | multiseed ROAD reverse_light_on_attack_1 raw isolation_forest seed=0
17:08:25 | INFO | multiseed ROAD reverse_light_on_attack_1 raw isolation_forest seed=1
17:08:25 | INFO | multiseed ROAD reverse_light_on_attack_1 raw isolation_forest seed=2
17:08:26 | INFO | multiseed ROAD reverse_light_on_attack_1 raw isolation_forest seed=3
17:08:27 | INFO | multiseed ROAD reverse_light_on_attack_1 raw isolation_forest seed=4
17:08:27 | INFO | multiseed ROAD reverse_light_on_attack_1 raw one_class_svm seed=0
17:08:28 | INFO | multiseed ROAD reverse_light_on_attack_1 raw one_class_svm seed=1
17:08:29 | INFO | multiseed ROAD reverse_light_on_attack_1 raw one_class_svm seed=2
17:08:29 | INFO | multiseed ROAD reverse_light_on_attack_1 raw one_class_svm seed=3
17:08:30 | INFO | multiseed ROAD reverse_light_on_attack_1 raw one_class_svm seed=4
17:08:31 | INFO | multiseed ROAD reverse_light_on_attack_1 raw lof seed=0
17:08:31 | INFO | multiseed ROAD reverse_light_on_attack_1 raw lof seed=1
17:08:31 | INFO | multiseed ROAD reverse_light_on_attack_1 raw lof seed=2
17:08:32 | INFO | multiseed ROAD reverse_light_on_attack_1 raw lof seed=3
17:08:32 | INFO | multiseed ROAD reverse_light_on_attack_1 raw lof seed=4
17:08:33 | INFO | multiseed ROAD reverse_light_on_attack_1 raw hbos seed=0
17:08:33 | INFO | multiseed ROAD reverse_light_on_attack_1 raw hbos seed=1
17:08:33 | INFO | multiseed ROAD reverse_light_on_attack_1 raw hbos seed=2
17:08:33 | INFO | multiseed ROAD reverse_light_on_attack_1 raw hbos seed=3
17:08:33 | INFO | multiseed ROAD reverse_light_on_attack_1 raw hbos seed=4
17:08:33 | INFO | multiseed ROAD reverse_light_on_attack_1 raw elliptic_envelope seed=0
17:08:33 | INFO | multiseed ROAD reverse_light_on_attack_1 raw elliptic_envelope seed=1
17:08:33 | INFO | multiseed ROAD reverse_light_on_attack_1 raw elliptic_envelope seed=2
17:08:34 | INFO | multiseed ROAD reverse_light_on_attack_1 raw elliptic_envelope seed=3
17:08:34 | INFO | multiseed ROAD reverse_light_on_attack_1 raw elliptic_envelope seed=4
17:08:34 | INFO | multiseed ROAD reverse_light_on_attack_1 raw autoencoder seed=0
17:08:34 | INFO | multiseed ROAD reverse_light_on_attack_1 raw autoencoder seed=1
17:08:35 | INFO | multiseed ROAD reverse_light_on_attack_1 raw autoencoder seed=2
17:08:36 | INFO | multiseed ROAD reverse_light_on_attack_1 raw autoencoder seed=3
17:08:36 | INFO | multiseed ROAD reverse_light_on_attack_1 raw autoencoder seed=4
17:08:37 | INFO | multiseed ROAD reverse_light_on_attack_1 residual isolation_forest seed=0
17:08:37 | INFO | multiseed ROAD reverse_light_on_attack_1 residual isolation_forest seed=1
17:08:38 | INFO | multiseed ROAD reverse_light_on_attack_1 residual isolation_forest seed=2
17:08:39 | INFO | multiseed ROAD reverse_light_on_attack_1 residual isolation_forest seed=3
17:08:39 | INFO | multiseed ROAD reverse_light_on_attack_1 residual isolation_forest seed=4
17:08:40 | INFO | multiseed ROAD reverse_light_on_attack_1 residual one_class_svm seed=0
17:08:41 | INFO | multiseed ROAD reverse_light_on_attack_1 residual one_class_svm seed=1
17:08:42 | INFO | multiseed ROAD reverse_light_on_attack_1 residual one_class_svm seed=2
17:08:42 | INFO | multiseed ROAD reverse_light_on_attack_1 residual one_class_svm seed=3
17:08:43 | INFO | multiseed ROAD reverse_light_on_attack_1 residual one_class_svm seed=4
17:08:44 | INFO | multiseed ROAD reverse_light_on_attack_1 residual lof seed=0
17:08:49 | INFO | multiseed ROAD reverse_light_on_attack_1 residual lof seed=1
17:08:53 | INFO | multiseed ROAD reverse_light_on_attack_1 residual lof seed=2
17:08:57 | INFO | multiseed ROAD reverse_light_on_attack_1 residual lof seed=3
17:09:03 | INFO | multiseed ROAD reverse_light_on_attack_1 residual lof seed=4
17:09:17 | INFO | multiseed ROAD reverse_light_on_attack_1 residual hbos seed=0
17:09:17 | INFO | multiseed ROAD reverse_light_on_attack_1 residual hbos seed=1
17:09:17 | INFO | multiseed ROAD reverse_light_on_attack_1 residual hbos seed=2
17:09:18 | INFO | multiseed ROAD reverse_light_on_attack_1 residual hbos seed=3
17:09:18 | INFO | multiseed ROAD reverse_light_on_attack_1 residual hbos seed=4
17:09:18 | INFO | multiseed ROAD reverse_light_on_attack_1 residual elliptic_envelope seed=0
17:09:19 | INFO | multiseed ROAD reverse_light_on_attack_1 residual elliptic_envelope seed=1
17:09:20 | INFO | multiseed ROAD reverse_light_on_attack_1 residual elliptic_envelope seed=2
17:09:21 | INFO | multiseed ROAD reverse_light_on_attack_1 residual elliptic_envelope seed=3
17:09:22 | INFO | multiseed ROAD reverse_light_on_attack_1 residual elliptic_envelope seed=4
17:09:23 | INFO | multiseed ROAD reverse_light_on_attack_1 residual autoencoder seed=0
17:09:25 | INFO | multiseed ROAD reverse_light_on_attack_1 residual autoencoder seed=1
17:09:28 | INFO | multiseed ROAD reverse_light_on_attack_1 residual autoencoder seed=2
17:09:30 | INFO | multiseed ROAD reverse_light_on_attack_1 residual autoencoder seed=3
17:09:33 | INFO | multiseed ROAD reverse_light_on_attack_1 residual autoencoder seed=4
17:09:36 | INFO | wrote tables\multiseed_results.csv
17:09:36 | INFO | wrote tables\confidence_intervals.csv
17:09:36 | INFO | wrote experiments\multiseed\results.csv
17:09:36 | INFO | wrote experiments\multiseed\confidence_intervals.csv
17:09:36 | INFO | === Statistical tests ===
17:23:40 | INFO | wrote tables\statistical_tests.csv
17:23:40 | INFO | wrote experiments\statistics\statistical_tests.csv
17:23:40 | INFO | === Feature importance ===
17:23:40 | INFO | importance HCRL RPM
17:23:54 | INFO | importance HCRL gear
17:24:07 | INFO | importance ROAD correlated_signal_attack_1
17:24:42 | INFO | importance ROAD reverse_light_off_attack_1
17:25:02 | INFO | wrote tables\feature_importance.csv
17:25:02 | INFO | wrote tables\feature_ablation.csv
17:25:02 | INFO | wrote experiments\feature_importance\permutation.csv
17:25:02 | INFO | wrote experiments\feature_importance\ablation.csv
17:25:02 | INFO | === Runtime / latency / errors ===
17:26:52 | INFO | wrote tables\runtime.csv
17:26:52 | INFO | wrote tables\latency.csv
17:26:52 | INFO | wrote tables\error_analysis.csv
17:26:52 | INFO | wrote experiments\runtime\runtime.csv
17:26:52 | INFO | wrote experiments\latency\latency.csv
17:26:52 | INFO | wrote experiments\error_analysis\errors.csv
17:26:52 | INFO | === Figures + robustness ===
17:26:54 | INFO | wrote tables\robustness_summary.csv
17:26:54 | INFO | === Paper stub ===
17:26:54 | INFO | wrote paper/revised_paper.tex
17:26:54 | INFO | wrote experiments\phase_c\runs\20260803T112545Z\multiseed_results.csv
17:26:54 | INFO | wrote experiments\phase_c\runs\20260803T112545Z\confidence_intervals.csv
17:26:54 | INFO | wrote experiments\phase_c\runs\20260803T112545Z\statistical_tests.csv
17:26:54 | INFO | wrote experiments\phase_c\runs\20260803T112545Z\feature_importance.csv
17:26:54 | INFO | wrote experiments\phase_c\runs\20260803T112545Z\feature_ablation.csv
17:26:54 | INFO | wrote experiments\phase_c\runs\20260803T112545Z\runtime.csv
17:26:54 | INFO | wrote experiments\phase_c\runs\20260803T112545Z\latency.csv
17:26:54 | INFO | wrote experiments\phase_c\runs\20260803T112545Z\error_analysis.csv
